
> catera@1.0.0 build
> node scripts/sync-assets.mjs && npm run build -w @catera/web


> @catera/web@1.0.0 build
> next build --webpack

▲ Next.js 16.3.4 (webpack)
- Environments: .env.local
✓ Running next.config.ts took 37ms

  Creating an optimized production build ...
✓ Compiled successfully in 5.2s
  Running TypeScript ...
  Finished TypeScript in 8.0s ...
  Collecting page data using 12 workers ...
  Generating static pages using 12 workers (0/7) ...
  Generating static pages using 12 workers (1/7) 
  Generating static pages using 12 workers (3/7) 
  Generating static pages using 12 workers (5/7) 
✓ Generating static pages using 12 workers (7/7) in 1247ms
  Finalizing page optimization ...
  Collecting build traces ...

Route (app)
┌ ƒ /_not-found
├ ƒ /[[...path]]
├ ƒ /api/jobs
├ ƒ /api/manifests/[id]
├ ƒ /api/uploads
├ ƒ /api/v1/[...path]
├ ƒ /api/webhooks/xendit
├ ƒ /dev/mascot
├ ƒ /manifest.webmanifest
└ ƒ /return/[id]


ƒ Proxy (Middleware)

ƒ  (Dynamic)  server-rendered on demand

